C:\Users\gordo>adb logcat -d | findstr "ConfigReceiver"
10-23 11:31:53.788  1668  1781 I ActivityManager: Start proc 18903:com.nexmdm/u0a199 for broadcast {com.nexmdm/com.nexmdm.ConfigReceiver}

C:\Users\gordo>
C:\Users\gordo>adb logcat -d | findstr "ConfigReceiver"
10-23 11:31:53.788  1668  1781 I ActivityManager: Start proc 18903:com.nexmdm/u0a199 for broadcast {com.nexmdm/com.nexmdm.ConfigReceiver}

C:\Users\gordo>adb logcat -d | findstr "register"
10-23 11:31:17.554  1668  1780 W BroadcastQueue: Permission Denial: broadcasting Intent { act=android.net.conn.CONNECTIVITY_CHANGE flg=0x4200010 (has extras) } from null (pid=-1, uid=-1) requires android.permission.CHANGE_NETWORK_STATE due to registered receiver BroadcastFilter{5c27244 1000/u0 ReceiverList{c372757 3399 com.android.settings/1000/u0 remote:f3608d6}}
10-23 11:31:17.555  1668  1780 W BroadcastQueue: Permission Denial: broadcasting Intent { act=android.net.conn.CONNECTIVITY_CHANGE flg=0x4200010 (has extras) } from null (pid=-1, uid=-1) requires android.permission.CHANGE_NETWORK_STATE due to registered receiver BroadcastFilter{9ce1f3 1000/u0 ReceiverList{61dc62 3399 com.android.settings/1000/u0 remote:7338f2d}}
10-23 11:31:53.148  1668  1776 W PackageManager: Failed registering loading progress callback. Package is fully loaded.
10-23 11:34:33.745 20489 20489 I CAR.DRIVINGMODE: Successfully unregister transition listener
10-23 11:34:37.723 21212 21319 I MobileConfigurationApi: registerParameters successfully stored 3 parameters
10-23 11:34:38.234 21212 21788 W FlagRegistrar: Failed to register com.google.android.gms.providerinstaller#com.google.android.apps.messaging
10-23 11:34:38.374 21212 21319 I BugleNetwork: Startup: registering tachyon.
10-23 11:34:38.445 21212 21319 I BugleNetwork: Startup: registering tachyon for phone.
10-23 11:34:38.527 21212 21253 I Bugle   : VerifiedSmsStartupTask: Checking if Verified SMS tasks should be enqueued. feature supported: false, feature enabled: false, eligible / has registered key: false, C11N: false
10-23 11:34:43.034 21212 21260 W BugleConnectivity: Unregister ConnectivityStateListener for subId -1 fail.
10-23 11:34:43.062 21212 21260 W BugleConnectivity: Unregister ConnectivityStateListener for subId -1 fail.
10-23 11:34:43.434 21827 21827 D SessionsDependencies: Subscriber CRASHLYTICS registered.
10-23 11:34:48.927 20474 21067 I TetheringManager: registerTetheringEventCallback:com.google.android.gms
10-23 11:34:57.003  1162  1162 D PAL     : pal_register_omadm_callback return: 0
10-23 11:34:57.003  1162  1162 I OMADM-DBG: OMADM_C: register_time_changed_callback success
10-23 11:35:23.447 21373 21389 D BtGatt.GattService: unregisterScanner() - scannerId=4
10-23 11:35:57.006  1162  1162 D PAL     : pal_register_omadm_callback return: 0
10-23 11:35:57.006  1162  1162 I OMADM-DBG: OMADM_C: register_time_changed_callback success
10-23 11:36:14.343 20489 22149 I PlayCore: UID: [10103]  PID: [20489] SplitInstallListenerRegistry : registerListener
10-23 11:36:14.346 20489 22149 I PlayCore: UID: [10103]  PID: [20489] SplitInstallListenerRegistry : registerListener
10-23 11:36:57.004  1162  1162 D PAL     : pal_register_omadm_callback return: 0
10-23 11:36:57.004  1162  1162 I OMADM-DBG: OMADM_C: register_time_changed_callback success

C:\Users\gordo>adb logcat -d | findstr "MonitorService"

C:\Users\gordo>adb shell pidof com.nexmdm
18903

C:\Users\gordo>adb shell run-as com.nexmdm cat shared_prefs/secure_prefs.xml
<?xml version='1.0' encoding='utf-8' standalone='yes' ?>
<map>
    <string name="__androidx_security_crypto_encrypted_prefs_key_keyset__">12a901bd0e3d4f866d6f3594a6c97d338dedacf03897f5908519b38c297b21c59a5848f468fdc46a935e628ce2f7f73808789bb91a1d0f1479e76059fba84420e19edb2a7ac1b54149831484c255907570ef49f5db571a1b99b6f897ef89cb7848a722547fc346a17b71dfe2480f90c7eb1fb7623503e963df4eaec9918efbbd3cc2b479e96b1f1d0a87463bc36d0e3a3b03f6519d2201b7cf44aecc6e1dfc000c23ac85104491ca7ce493dc1a4408e88ab5ad05123c0a30747970652e676f6f676c65617069732e636f6d2f676f6f676c652e63727970746f2e74696e6b2e4165735369764b6579100118e88ab5ad052001</string>
    <string name="AVWtRWjkEzMqlS4PsqTUIUwytlsn/hGg/ISw3KJK">AWkbxP64kUGIA/5Ob++/1papRJb6sXUKuqvxtsibfYxsfbLnfJcFKS7ftwCCbw+rfMRSFB2ay7pbVgTHjUfscgLLGzzlydP0GoUh8ZfJ1ub6g6GSSA0o9YGxeoIqQtWnP4AqYABIrdIYNoaVJ8uFrVJOVMc4a5OvpLeR0gkrlpTHxGGSQgIUj2k0dWc5+4ci7AKRhvpH9pdg1kGwoGPRgheY8+pSJf3RhfiGGwn/j0k5/KxbzZoE</string>
    <string name="__androidx_security_crypto_encrypted_prefs_value_keyset__">128801324f0dbcd6712be56f2b18121c1d5117e6da2b4a1eb813aef09316d1ce156134229115c311831e7422dd36e3cf0df9aba4a56d806532cd3c5dae841fa8a3d9d24be8d3caaf80a602132e65616a82bfa38b81b9849298dbf3b5f4b9ca05eca0538976caef3f1633703f4747783142b6d2a866adfb96900a66ef665433c613039782f883b2f1ac4d821a4408fe89efc806123c0a30747970652e676f6f676c65617069732e636f6d2f676f6f676c652e63727970746f2e74696e6b2e41657347636d4b6579100118fe89efc8062001</string>
</map>

C:\Users\gordo>adb logcat -c

C:\Users\gordo>adb logcat | findstr "nexmdm"
^C^C
C:\Users\gordo>adb logcat | findstr "nexmdm"
10-23 11:41:03.647 20715 20715 I Finsky  : [2] VerifyApps: Install-time verification requested for package com.nexmdm, PackageManager id = 5, Verifier id = 2562b463-ac8f-4069-a1e3-caa9c5f26059
10-23 11:41:03.829 20715 23540 I Finsky  : [155] VerifyApps: Anti-malware verification task started for package=com.nexmdm
10-23 11:41:03.914 20715 23540 W Finsky  : [155] Could not retrieve info for managing app com.nexmdm
10-23 11:41:04.036 20715 20870 I Finsky  : [61] VerifyApps: Starting APK Analysis scan for com.nexmdm.
10-23 11:41:04.041 20715 20870 I Finsky  : [61] Scanning package com.nexmdm contents with client side protections. File: [z_lUJffvb2Y4aoMu229-HlO2xHgScvw_IfJj4klJzME]
10-23 11:41:04.051 20715 20870 E Finsky  : [61] VerifyApps: APK Analysis scan failed for com.nexmdm
10-23 11:41:04.052 20715 20870 I Finsky  : [61] VerifyApps: APK Analysis scan finished for com.nexmdm. Verdict: SAFE
10-23 11:41:04.667 20715 23548 I Finsky  : [158] VerifyApps: Verification package=com.nexmdm, id=5, response=0, upload_requested=false, enable_ecm=false
10-23 11:41:04.674 20715 23548 I Finsky  : [158] VerifyApps: PAM result saving to datastore delayed for package: com.nexmdm
10-23 11:41:04.704 20715 20715 I Finsky  : [2] VerifyApps: Install-time verification complete: id=5, package_name=com.nexmdm
10-23 11:41:04.957  1668  1864 V BackupManagerService: [UserID:0] restoreAtInstall pkg=com.nexmdm token=6 restoreSet=0
10-23 11:41:04.973  3638  3638 I MediaProvider: Invalidating LocalCallingIdentity cache for package com.nexmdm. Reason: package android.intent.action.PACKAGE_ADDED
10-23 11:41:05.048  2942  2942 D CarrierSvcBindHelper: onPackageAdded: com.nexmdm
10-23 11:41:05.051 20474 23569 I ProximityAuth: [RecentAppsMediator] Package added: (user=UserHandle{0}) com.nexmdm
10-23 11:41:05.069  2942  2942 D ImsResolver: maybeAddedImsService, packageName: com.nexmdm
10-23 11:41:05.115 20474 23569 I ProximityAuth: [RecentAppsMediator] Package added: (user=UserHandle{0}) com.nexmdm
10-23 11:41:05.141 20715 20870 I Finsky  : [61] AIM: AppInfoManager-Perf > OnDeviceAppInfo > cacheHitCount=0, cacheMissCount=1. Missed  in cache (limit 10) : [com.nexmdm]
10-23 11:41:05.207  3755 10018 W SQLiteLog: (28) double-quoted string literal: "com.nexmdm"
10-23 11:41:05.251  1668  1860 E VerityUtils: Failed to measure fs-verity, errno 1: /data/app/~~aNHS2vJSf_YWTHBAgjoFpw==/com.nexmdm-k5GG8mKk-q1s4HPFL56kQA==/base.apk
10-23 11:41:05.323 20715 20869 I Finsky  : [60] AIM: AppInfoManager-Perf > ItemModel > CacheSize=0, cacheHitCount=0, cacheMissCount=1, total appsWithNoServerDataCount=0. Missed  in cache (limit 10) : [com.nexmdm]
10-23 11:41:05.337 20715 20869 I Finsky  : [60] ItemStore: Not cached: com.nexmdm
10-23 11:41:05.365  2942  2942 D CarrierSvcBindHelper: onPackageModified: com.nexmdm
10-23 11:41:05.376  2942  2942 D ImsResolver: maybeAddedImsService, packageName: com.nexmdm
10-23 11:41:05.397  1668  3736 I DevicePolicyManager: Device owner set: ComponentInfo{com.nexmdm/com.nexmdm.NexDeviceAdminReceiver} on user 0
10-23 11:41:05.409 20715 20867 I Finsky  : [58] AIM: AppInfoManager-Perf > OnDeviceAppInfo > cacheHitCount=0, cacheMissCount=1. Missed  in cache (limit 10) : [com.nexmdm]
10-23 11:41:05.520  1668  1860 E VerityUtils: Failed to measure fs-verity, errno 1: /data/app/~~aNHS2vJSf_YWTHBAgjoFpw==/com.nexmdm-k5GG8mKk-q1s4HPFL56kQA==/base.apk
10-23 11:41:05.537 20715 20870 I Finsky  : [61] AIM: AppInfoManager-Perf > ItemModel > CacheSize=0, cacheHitCount=0, cacheMissCount=1, total appsWithNoServerDataCount=0. Missed  in cache (limit 10) : [com.nexmdm]
10-23 11:41:05.548 20715 20869 I Finsky  : [60] ItemStore: Not cached: com.nexmdm
10-23 11:41:05.719  1668  1781 I ActivityManager: Start proc 23643:com.nexmdm/u0a200 for broadcast {com.nexmdm/com.nexmdm.NexDeviceAdminReceiver}
10-23 11:41:05.720 23643 23643 I com.nexmdm: Late-enabling -Xcheck:jni
10-23 11:41:05.740 20715 20820 E Finsky  : [51] ItemStore: getItems RPC failed for item com.nexmdm
10-23 11:41:05.742 20715 20869 E Finsky  : [60] ItemStore: getItems RPC failed for item com.nexmdm
10-23 11:41:05.788 20715 20715 I Finsky  : [2] Received an install/uninstall event for package com.nexmdm
10-23 11:41:06.004 23643 23643 W ziparchive: Unable to open '/data/app/~~aNHS2vJSf_YWTHBAgjoFpw==/com.nexmdm-k5GG8mKk-q1s4HPFL56kQA==/base.dm': No such file or directory
10-23 11:41:06.004 23643 23643 W ziparchive: Unable to open '/data/app/~~aNHS2vJSf_YWTHBAgjoFpw==/com.nexmdm-k5GG8mKk-q1s4HPFL56kQA==/base.dm': No such file or directory
10-23 11:41:06.387 23643 23643 V GraphicsEnvironment: ANGLE Developer option for 'com.nexmdm' set to: 'default'
10-23 11:41:06.389 23643 23643 V GraphicsEnvironment: ANGLE GameManagerService for com.nexmdm: false
10-23 11:41:07.980  2942  2942 D CarrierSvcBindHelper: onPackageModified: com.nexmdm
10-23 11:41:07.981  2942  2942 D ImsResolver: maybeAddedImsService, packageName: com.nexmdm
10-23 11:41:12.057 23643 23735 D ProfileInstaller: Installing profile for com.nexmdm
10-23 11:41:39.863 20715 20715 I Finsky  : [2] VerifyApps: Install-time verification requested for package com.nexmdm, PackageManager id = 6, Verifier id = 537f0ebd-70da-453e-91f8-c0cc5e1e95c9
10-23 11:41:39.961 20715 23548 I Finsky  : [158] VerifyApps: Anti-malware verification task started for package=com.nexmdm
10-23 11:41:40.077 20715 20869 I Finsky  : [60] VerifyApps: Starting APK Analysis scan for com.nexmdm.
10-23 11:41:40.079 20715 20869 I Finsky  : [60] Scanning package com.nexmdm contents with client side protections. File: [2ilXc6i8HOpBjhKpP8U0fNA5nJ45OfTZC0y_gv9D09A]
10-23 11:41:40.085 20715 20869 E Finsky  : [60] VerifyApps: APK Analysis scan failed for com.nexmdm
10-23 11:41:40.086 20715 20869 I Finsky  : [60] VerifyApps: APK Analysis scan finished for com.nexmdm. Verdict: SAFE
10-23 11:41:40.527 20715 23788 I Finsky  : [172] VerifyApps: Verification package=com.nexmdm, id=6, response=0, upload_requested=false, enable_ecm=false
10-23 11:41:40.536 20715 23788 I Finsky  : [172] VerifyApps: PAM result saving to datastore delayed for package: com.nexmdm
10-23 11:41:40.572 20715 20715 I Finsky  : [2] VerifyApps: Install-time verification complete: id=6, package_name=com.nexmdm
10-23 11:41:40.611  1668  1780 I ActivityManager: Force stopping com.nexmdm appid=10200 user=-1: installPackageLI
10-23 11:41:40.613  1668  1864 I PackageManager: Update package com.nexmdm code path from /data/app/~~aNHS2vJSf_YWTHBAgjoFpw==/com.nexmdm-k5GG8mKk-q1s4HPFL56kQA== to /data/app/~~ubALgoUqE0DyGf41zx_SwQ==/com.nexmdm-vwAUE5eSlLOT7UonmcAFFw==; Retain data and using new
10-23 11:41:40.613  1668  1780 I ActivityManager: Killing 23643:com.nexmdm/u0a200 (adj 925): stop com.nexmdm due to installPackageLI
10-23 11:41:40.782  1668  3753 V ActivityManager: Got obituary of 23643:com.nexmdm
10-23 11:41:40.803  1668  1864 I ActivityManager: Force stopping com.nexmdm appid=10200 user=0: pkg removed
10-23 11:41:40.826  3638  3638 I MediaProvider: Invalidating LocalCallingIdentity cache for package com.nexmdm. Reason: package android.intent.action.PACKAGE_REMOVED
10-23 11:41:40.851  3782  3782 D OsAgent : Package uninstalled, onReceive: com.nexmdm
10-23 11:41:40.895  3755 10018 W SQLiteLog: (28) double-quoted string literal: "com.nexmdm"
10-23 11:41:40.925  3638  3638 I MediaProvider: Invalidating LocalCallingIdentity cache for package com.nexmdm. Reason: package android.intent.action.PACKAGE_ADDED
10-23 11:41:40.925  1668  1668 I Telecom : CarModeTracker: Package com.nexmdm is not tracked.: SSH.oR@Am0
10-23 11:41:41.015 19704 19704 I Finsky:background: [2] IQ: onPackageRemoved com.nexmdm, replacing=true, uninstallingFromPlay=false
10-23 11:41:41.092  2942  2942 D CarrierSvcBindHelper: onPackageUpdateFinished: com.nexmdm
10-23 11:41:41.097 20715 20870 I Finsky  : [61] AIM: AppInfoManager-Perf > OnDeviceAppInfo > cacheHitCount=0, cacheMissCount=1. Missed  in cache (limit 10) : [com.nexmdm]
10-23 11:41:41.101  2942  2942 D CarrierSvcBindHelper: onPackageModified: com.nexmdm
10-23 11:41:41.134  2942  2942 D ImsResolver: maybeAddedImsService, packageName: com.nexmdm
10-23 11:41:41.165  1668  1860 E VerityUtils: Failed to measure fs-verity, errno 1: /data/app/~~ubALgoUqE0DyGf41zx_SwQ==/com.nexmdm-vwAUE5eSlLOT7UonmcAFFw==/base.apk
10-23 11:41:41.209  1668  7631 E DevicePolicyManager: Device/profile owner cannot be removed: component=ComponentInfo{com.nexmdm/com.nexmdm.NexDeviceAdminReceiver}
10-23 11:41:41.212  3755 10018 W SQLiteLog: (28) double-quoted string literal: "com.nexmdm"
10-23 11:41:41.290 20715 20867 I Finsky  : [58] AIM: AppInfoManager-Perf > ItemModel > CacheSize=0, cacheHitCount=0, cacheMissCount=1, total appsWithNoServerDataCount=0. Missed  in cache (limit 10) : [com.nexmdm]
10-23 11:41:41.294 20715 20820 I Finsky  : [51] AIM: AppInfoManager-Perf > OnDeviceAppInfo > cacheHitCount=0, cacheMissCount=1. Missed  in cache (limit 10) : [com.nexmdm]
10-23 11:41:41.306 20715 20820 I Finsky  : [51] ItemStore: Not cached: com.nexmdm
10-23 11:41:41.318 20489 23848 W SQLiteLog: (28) double-quoted string literal: "com.nexmdm"
10-23 11:41:41.374 20489 23849 W SQLiteLog: (28) double-quoted string literal: "com.nexmdm"
10-23 11:41:41.409 20474 23857 I ProximityAuth: [RecentAppsMediator] Package added: (user=UserHandle{0}) com.nexmdm
10-23 11:41:41.424 20474 23857 I ProximityAuth: [RecentAppsMediator] Package added: (user=UserHandle{0}) com.nexmdm
10-23 11:41:41.425 20715 20870 I Finsky  : [61] AIM: AppInfoManager-Perf > ItemModel > CacheSize=0, cacheHitCount=0, cacheMissCount=1, total appsWithNoServerDataCount=0. Missed  in cache (limit 10) : [com.nexmdm]
10-23 11:41:41.434  1668  1860 E VerityUtils: Failed to measure fs-verity, errno 1: /data/app/~~ubALgoUqE0DyGf41zx_SwQ==/com.nexmdm-vwAUE5eSlLOT7UonmcAFFw==/base.apk
10-23 11:41:41.461 20715 20870 I Finsky  : [61] ItemStore: Not cached: com.nexmdm
10-23 11:41:41.541  1668  1860 E VerityUtils: Failed to measure fs-verity, errno 1: /data/app/~~ubALgoUqE0DyGf41zx_SwQ==/com.nexmdm-vwAUE5eSlLOT7UonmcAFFw==/base.apk
10-23 11:41:41.698  1668  1860 E VerityUtils: Failed to measure fs-verity, errno 1: /data/app/~~ubALgoUqE0DyGf41zx_SwQ==/com.nexmdm-vwAUE5eSlLOT7UonmcAFFw==/base.apk
10-23 11:41:41.774  1668  1781 I ActivityManager: Start proc 23913:com.nexmdm/u0a200 for broadcast {com.nexmdm/com.nexmdm.BootReceiver}
10-23 11:41:41.799 23913 23913 I com.nexmdm: Late-enabling -Xcheck:jni
10-23 11:41:41.817 20715 20820 E Finsky  : [51] ItemStore: getItems RPC failed for item com.nexmdm
10-23 11:41:41.818 20715 20867 E Finsky  : [58] ItemStore: getItems RPC failed for item com.nexmdm
10-23 11:41:41.909 23913 23913 W ziparchive: Unable to open '/data/app/~~ubALgoUqE0DyGf41zx_SwQ==/com.nexmdm-vwAUE5eSlLOT7UonmcAFFw==/base.dm': No such file or directory
10-23 11:41:41.909 23913 23913 W ziparchive: Unable to open '/data/app/~~ubALgoUqE0DyGf41zx_SwQ==/com.nexmdm-vwAUE5eSlLOT7UonmcAFFw==/base.dm': No such file or directory
10-23 11:41:42.118 23913 23913 V GraphicsEnvironment: ANGLE Developer option for 'com.nexmdm' set to: 'default'
10-23 11:41:42.118 23913 23913 V GraphicsEnvironment: ANGLE GameManagerService for com.nexmdm: false
10-23 11:41:44.768 23953 23953 W Monkey  : args: [-p, com.nexmdm, -c, android.intent.category.LAUNCHER, 1]
10-23 11:41:44.768 23953 23953 W Monkey  :  arg: "com.nexmdm"
10-23 11:41:44.769 23953 23953 W Monkey  : data="com.nexmdm"
10-23 11:41:44.845  1668  3759 I ActivityTaskManager: START u0 {act=android.intent.action.MAIN cat=[android.intent.category.LAUNCHER] flg=0x10200000 cmp=com.nexmdm/.EnrollmentActivity} from uid 2000
10-23 11:41:44.884  1668  3759 I ActivityTaskManager: The Process com.nexmdm Already Exists in BG. So sending its PID: 23913
10-23 11:41:44.898  1668  1767 D OomAdjuster: App adj change from cached state to fg state : 23913 com.nexmdm
10-23 11:41:44.900  1668  3736 D CoreBackPreview: Window{5205aea u0 Splash Screen com.nexmdm}: Setting back callback OnBackInvokedCallbackInfo{mCallback=android.window.IOnBackInvokedCallback$Stub$Proxy@dea4751, mPriority=0}
10-23 11:41:45.219 23913 23913 W com.nexmdm: Accessing hidden method Landroid/view/View;->computeFitSystemWindows(Landroid/graphics/Rect;Landroid/graphics/Rect;)Z (unsupported, reflection, allowed)
10-23 11:41:45.219 23913 23913 W com.nexmdm: Accessing hidden method Landroid/view/ViewGroup;->makeOptionalFitsSystemWindows()V (unsupported, reflection, allowed)
10-23 11:41:45.305  1668  3759 D CoreBackPreview: Window{88d3ed8 u0 com.nexmdm/com.nexmdm.EnrollmentActivity}: Setting back callback OnBackInvokedCallbackInfo{mCallback=android.window.IOnBackInvokedCallback$Stub$Proxy@248cd16, mPriority=0}
10-23 11:41:45.456  1668  1764 W ziparchive: Unable to open '/data/app/~~ubALgoUqE0DyGf41zx_SwQ==/com.nexmdm-vwAUE5eSlLOT7UonmcAFFw==/base.dm': No such file or directory
10-23 11:41:45.462  1668  1764 I ActivityTaskManager: Displayed com.nexmdm/.EnrollmentActivity: +611ms
10-23 11:41:45.500 20791 20791 I GoogleInputMethodService: GoogleInputMethodService.onStartInput():1894 onStartInput(EditorInfo{EditorInfo{packageName=com.nexmdm, inputType=0, inputTypeString=NULL, enableLearning=false, autoCorrection=false, autoComplete=false, imeOptions=0, privateImeOptions=null, actionName=UNSPECIFIED, actionLabel=null, initialSelStart=-1, initialSelEnd=-1, initialCapsMode=0, label=null, fieldId=-1, fieldName=null, extras=null, hintText=null, hintLocales=[]}}, false)
10-23 11:41:45.833  1668  3745 D CoreBackPreview: Window{5205aea u0 Splash Screen com.nexmdm EXITING}: Setting back callback null
10-23 11:41:45.833  1668  3759 W InputManager-JNI: Input channel object '5205aea Splash Screen com.nexmdm (client)' was disposed without first being removed with the input manager!
10-23 11:41:47.961 23913 24000 D ProfileInstaller: Installing profile for com.nexmdm
10-23 11:41:51.423  1668  1767 W ProcessStats: Tracking association SourceState{21634bd com.nexmdm/10200 Top #38657} whose proc state 1 is better than process ProcessState{eb43ab2 com.google.android.gms.persistent/10103 pkg=com.google.android.gms (sub)} proc state 4 (7 skipped)
^C^C
C:\Users\gordo>